Archive member included to satisfy reference by file (symbol)

c:/st/stm32cubeide_1.10.1/stm32cubeide/plugins/com.st.stm32cube.ide.mcu.externaltools.gnu-tools-for-stm32.10.3-2021.10.win32_1.0.0.202111181127/tools/bin/../lib/gcc/arm-none-eabi/10.3.1/../../../../arm-none-eabi/lib/thumb/v7e-m+fp/hard\libc_nano.a(lib_a-errno.o)
                              ./Core/Src/syscalls.o (__errno)
c:/st/stm32cubeide_1.10.1/stm32cubeide/plugins/com.st.stm32cube.ide.mcu.externaltools.gnu-tools-for-stm32.10.3-2021.10.win32_1.0.0.202111181127/tools/bin/../lib/gcc/arm-none-eabi/10.3.1/../../../../arm-none-eabi/lib/thumb/v7e-m+fp/hard\libc_nano.a(lib_a-exit.o)
                              c:/st/stm32cubeide_1.10.1/stm32cubeide/plugins/com.st.stm32cube.ide.mcu.externaltools.gnu-tools-for-stm32.10.3-2021.10.win32_1.0.0.202111181127/tools/bin/../lib/gcc/arm-none-eabi/10.3.1/../../../../arm-none-eabi/lib/thumb/v7e-m+fp/hard/crt0.o (exit)
c:/st/stm32cubeide_1.10.1/stm32cubeide/plugins/com.st.stm32cube.ide.mcu.externaltools.gnu-tools-for-stm32.10.3-2021.10.win32_1.0.0.202111181127/tools/bin/../lib/gcc/arm-none-eabi/10.3.1/../../../../arm-none-eabi/lib/thumb/v7e-m+fp/hard\libc_nano.a(lib_a-impure.o)
                              c:/st/stm32cubeide_1.10.1/stm32cubeide/plugins/com.st.stm32cube.ide.mcu.externaltools.gnu-tools-for-stm32.10.3-2021.10.win32_1.0.0.202111181127/tools/bin/../lib/gcc/arm-none-eabi/10.3.1/../../../../arm-none-eabi/lib/thumb/v7e-m+fp/hard\libc_nano.a(lib_a-exit.o) (_global_impure_ptr)
c:/st/stm32cubeide_1.10.1/stm32cubeide/plugins/com.st.stm32cube.ide.mcu.externaltools.gnu-tools-for-stm32.10.3-2021.10.win32_1.0.0.202111181127/tools/bin/../lib/gcc/arm-none-eabi/10.3.1/../../../../arm-none-eabi/lib/thumb/v7e-m+fp/hard\libc_nano.a(lib_a-init.o)
                              c:/st/stm32cubeide_1.10.1/stm32cubeide/plugins/com.st.stm32cube.ide.mcu.externaltools.gnu-tools-for-stm32.10.3-2021.10.win32_1.0.0.202111181127/tools/bin/../lib/gcc/arm-none-eabi/10.3.1/../../../../arm-none-eabi/lib/thumb/v7e-m+fp/hard/crt0.o (__libc_init_array)
c:/st/stm32cubeide_1.10.1/stm32cubeide/plugins/com.st.stm32cube.ide.mcu.externaltools.gnu-tools-for-stm32.10.3-2021.10.win32_1.0.0.202111181127/tools/bin/../lib/gcc/arm-none-eabi/10.3.1/../../../../arm-none-eabi/lib/thumb/v7e-m+fp/hard\libc_nano.a(lib_a-memset.o)
                              c:/st/stm32cubeide_1.10.1/stm32cubeide/plugins/com.st.stm32cube.ide.mcu.externaltools.gnu-tools-for-stm32.10.3-2021.10.win32_1.0.0.202111181127/tools/bin/../lib/gcc/arm-none-eabi/10.3.1/../../../../arm-none-eabi/lib/thumb/v7e-m+fp/hard/crt0.o (memset)
c:/st/stm32cubeide_1.10.1/stm32cubeide/plugins/com.st.stm32cube.ide.mcu.externaltools.gnu-tools-for-stm32.10.3-2021.10.win32_1.0.0.202111181127/tools/bin/../lib/gcc/arm-none-eabi/10.3.1/thumb/v7e-m+fp/hard\libgcc.a(_aeabi_uldivmod.o)
                              ./Drivers/STM32F4xx_HAL_Driver/Src/stm32f4xx_hal_rcc.o (__aeabi_uldivmod)
c:/st/stm32cubeide_1.10.1/stm32cubeide/plugins/com.st.stm32cube.ide.mcu.externaltools.gnu-tools-for-stm32.10.3-2021.10.win32_1.0.0.202111181127/tools/bin/../lib/gcc/arm-none-eabi/10.3.1/thumb/v7e-m+fp/hard\libgcc.a(_udivmoddi4.o)
                              c:/st/stm32cubeide_1.10.1/stm32cubeide/plugins/com.st.stm32cube.ide.mcu.externaltools.gnu-tools-for-stm32.10.3-2021.10.win32_1.0.0.202111181127/tools/bin/../lib/gcc/arm-none-eabi/10.3.1/thumb/v7e-m+fp/hard\libgcc.a(_aeabi_uldivmod.o) (__udivmoddi4)
c:/st/stm32cubeide_1.10.1/stm32cubeide/plugins/com.st.stm32cube.ide.mcu.externaltools.gnu-tools-for-stm32.10.3-2021.10.win32_1.0.0.202111181127/tools/bin/../lib/gcc/arm-none-eabi/10.3.1/thumb/v7e-m+fp/hard\libgcc.a(_dvmd_tls.o)
                              c:/st/stm32cubeide_1.10.1/stm32cubeide/plugins/com.st.stm32cube.ide.mcu.externaltools.gnu-tools-for-stm32.10.3-2021.10.win32_1.0.0.202111181127/tools/bin/../lib/gcc/arm-none-eabi/10.3.1/thumb/v7e-m+fp/hard\libgcc.a(_aeabi_uldivmod.o) (__aeabi_ldiv0)

Discarded input sections

 .text          0x0000000000000000        0x0 c:/st/stm32cubeide_1.10.1/stm32cubeide/plugins/com.st.stm32cube.ide.mcu.externaltools.gnu-tools-for-stm32.10.3-2021.10.win32_1.0.0.202111181127/tools/bin/../lib/gcc/arm-none-eabi/10.3.1/thumb/v7e-m+fp/hard/crti.o
 .data          0x0000000000000000        0x0 c:/st/stm32cubeide_1.10.1/stm32cubeide/plugins/com.st.stm32cube.ide.mcu.externaltools.gnu-tools-for-stm32.10.3-2021.10.win32_1.0.0.202111181127/tools/bin/../lib/gcc/arm-none-eabi/10.3.1/thumb/v7e-m+fp/hard/crti.o
 .bss           0x0000000000000000        0x0 c:/st/stm32cubeide_1.10.1/stm32cubeide/plugins/com.st.stm32cube.ide.mcu.externaltools.gnu-tools-for-stm32.10.3-2021.10.win32_1.0.0.202111181127/tools/bin/../lib/gcc/arm-none-eabi/10.3.1/thumb/v7e-m+fp/hard/crti.o
[...]
Memory Configuration

Name             Origin             Length             Attributes
RAM              0x0000000020000000 0x0000000000020000 xrw
FLASH            0x0000000008000000 0x0000000000080000 xr
*default*        0x0000000000000000 0xffffffffffffffff

Linker script and memory map

LOAD c:/st/stm32cubeide_1.10.1/stm32cubeide/plugins/com.st.stm32cube.ide.mcu.externaltools.gnu-tools-for-stm32.10.3-2021.10.win32_1.0.0.202111181127/tools/bin/../lib/gcc/arm-none-eabi/10.3.1/thumb/v7e-m+fp/hard/crti.o
LOAD c:/st/stm32cubeide_1.10.1/stm32cubeide/plugins/com.st.stm32cube.ide.mcu.externaltools.gnu-tools-for-stm32.10.3-2021.10.win32_1.0.0.202111181127/tools/bin/../lib/gcc/arm-none-eabi/10.3.1/thumb/v7e-m+fp/hard/crtbegin.o
LOAD c:/st/stm32cubeide_1.10.1/stm32cubeide/plugins/com.st.stm32cube.ide.mcu.externaltools.gnu-tools-for-stm32.10.3-2021.10.win32_1.0.0.202111181127/tools/bin/../lib/gcc/arm-none-eabi/10.3.1/../../../../arm-none-eabi/lib/thumb/v7e-m+fp/hard/crt0.o
LOAD ./Core/Src/gpio.o
LOAD ./Core/Src/light_functions_RX.o
LOAD ./Core/Src/main.o
LOAD ./Core/Src/nRF24.o
LOAD ./Core/Src/spi.o
LOAD ./Core/Src/stm32f4xx_hal_msp.o
LOAD ./Core/Src/stm32f4xx_it.o
LOAD ./Core/Src/syscalls.o
LOAD ./Core/Src/sysmem.o
LOAD ./Core/Src/system_stm32f4xx.o
LOAD ./Core/Src/usart.o
LOAD ./Core/Startup/startup_stm32f411retx.o
LOAD ./Drivers/STM32F4xx_HAL_Driver/Src/stm32f4xx_hal.o
LOAD ./Drivers/STM32F4xx_HAL_Driver/Src/stm32f4xx_hal_cortex.o
LOAD ./Drivers/STM32F4xx_HAL_Driver/Src/stm32f4xx_hal_dma.o
LOAD ./Drivers/STM32F4xx_HAL_Driver/Src/stm32f4xx_hal_dma_ex.o
LOAD ./Drivers/STM32F4xx_HAL_Driver/Src/stm32f4xx_hal_exti.o
LOAD ./Drivers/STM32F4xx_HAL_Driver/Src/stm32f4xx_hal_flash.o
LOAD ./Drivers/STM32F4xx_HAL_Driver/Src/stm32f4xx_hal_flash_ex.o
LOAD ./Drivers/STM32F4xx_HAL_Driver/Src/stm32f4xx_hal_flash_ramfunc.o
LOAD ./Drivers/STM32F4xx_HAL_Driver/Src/stm32f4xx_hal_gpio.o
LOAD ./Drivers/STM32F4xx_HAL_Driver/Src/stm32f4xx_hal_pwr.o
LOAD ./Drivers/STM32F4xx_HAL_Driver/Src/stm32f4xx_hal_pwr_ex.o
LOAD ./Drivers/STM32F4xx_HAL_Driver/Src/stm32f4xx_hal_rcc.o
LOAD ./Drivers/STM32F4xx_HAL_Driver/Src/stm32f4xx_hal_rcc_ex.o
LOAD ./Drivers/STM32F4xx_HAL_Driver/Src/stm32f4xx_hal_spi.o
LOAD ./Drivers/STM32F4xx_HAL_Driver/Src/stm32f4xx_hal_tim.o
LOAD ./Drivers/STM32F4xx_HAL_Driver/Src/stm32f4xx_hal_tim_ex.o
LOAD ./Drivers/STM32F4xx_HAL_Driver/Src/stm32f4xx_hal_uart.o
START GROUP
LOAD c:/st/stm32cubeide_1.10.1/stm32cubeide/plugins/com.st.stm32cube.ide.mcu.externaltools.gnu-tools-for-stm32.10.3-2021.10.win32_1.0.0.202111181127/tools/bin/../lib/gcc/arm-none-eabi/10.3.1/../../../../arm-none-eabi/lib/thumb/v7e-m+fp/hard\libc_nano.a
LOAD c:/st/stm32cubeide_1.10.1/stm32cubeide/plugins/com.st.stm32cube.ide.mcu.externaltools.gnu-tools-for-stm32.10.3-2021.10.win32_1.0.0.202111181127/tools/bin/../lib/gcc/arm-none-eabi/10.3.1/../../../../arm-none-eabi/lib/thumb/v7e-m+fp/hard\libm.a
END GROUP
START GROUP
LOAD c:/st/stm32cubeide_1.10.1/stm32cubeide/plugins/com.st.stm32cube.ide.mcu.externaltools.gnu-tools-for-stm32.10.3-2021.10.win32_1.0.0.202111181127/tools/bin/../lib/gcc/arm-none-eabi/10.3.1/thumb/v7e-m+fp/hard\libgcc.a
LOAD c:/st/stm32cubeide_1.10.1/stm32cubeide/plugins/com.st.stm32cube.ide.mcu.externaltools.gnu-tools-for-stm32.10.3-2021.10.win32_1.0.0.202111181127/tools/bin/../lib/gcc/arm-none-eabi/10.3.1/../../../../arm-none-eabi/lib/thumb/v7e-m+fp/hard\libc_nano.a
END GROUP
START GROUP
LOAD c:/st/stm32cubeide_1.10.1/stm32cubeide/plugins/com.st.stm32cube.ide.mcu.externaltools.gnu-tools-for-stm32.10.3-2021.10.win32_1.0.0.202111181127/tools/bin/../lib/gcc/arm-none-eabi/10.3.1/thumb/v7e-m+fp/hard\libgcc.a
LOAD c:/st/stm32cubeide_1.10.1/stm32cubeide/plugins/com.st.stm32cube.ide.mcu.externaltools.gnu-tools-for-stm32.10.3-2021.10.win32_1.0.0.202111181127/tools/bin/../lib/gcc/arm-none-eabi/10.3.1/../../../../arm-none-eabi/lib/thumb/v7e-m+fp/hard\libc_nano.a
LOAD c:/st/stm32cubeide_1.10.1/stm32cubeide/plugins/com.st.stm32cube.ide.mcu.externaltools.gnu-tools-for-stm32.10.3-2021.10.win32_1.0.0.202111181127/tools/bin/../lib/gcc/arm-none-eabi/10.3.1/../../../../arm-none-eabi/lib/thumb/v7e-m+fp/hard\libnosys.a
END GROUP
START GROUP
LOAD c:/st/stm32cubeide_1.10.1/stm32cubeide/plugins/com.st.stm32cube.ide.mcu.externaltools.gnu-tools-for-stm32.10.3-2021.10.win32_1.0.0.202111181127/tools/bin/../lib/gcc/arm-none-eabi/10.3.1/thumb/v7e-m+fp/hard\libgcc.a
LOAD c:/st/stm32cubeide_1.10.1/stm32cubeide/plugins/com.st.stm32cube.ide.mcu.externaltools.gnu-tools-for-stm32.10.3-2021.10.win32_1.0.0.202111181127/tools/bin/../lib/gcc/arm-none-eabi/10.3.1/../../../../arm-none-eabi/lib/thumb/v7e-m+fp/hard\libc_nano.a
LOAD c:/st/stm32cubeide_1.10.1/stm32cubeide/plugins/com.st.stm32cube.ide.mcu.externaltools.gnu-tools-for-stm32.10.3-2021.10.win32_1.0.0.202111181127/tools/bin/../lib/gcc/arm-none-eabi/10.3.1/../../../../arm-none-eabi/lib/thumb/v7e-m+fp/hard\libnosys.a
END GROUP
LOAD c:/st/stm32cubeide_1.10.1/stm32cubeide/plugins/com.st.stm32cube.ide.mcu.externaltools.gnu-tools-for-stm32.10.3-2021.10.win32_1.0.0.202111181127/tools/bin/../lib/gcc/arm-none-eabi/10.3.1/thumb/v7e-m+fp/hard/crtend.o
LOAD c:/st/stm32cubeide_1.10.1/stm32cubeide/plugins/com.st.stm32cube.ide.mcu.externaltools.gnu-tools-for-stm32.10.3-2021.10.win32_1.0.0.202111181127/tools/bin/../lib/gcc/arm-none-eabi/10.3.1/thumb/v7e-m+fp/hard/crtn.o
                0x0000000020020000                _estack = (ORIGIN (RAM) + LENGTH (RAM))
                0x0000000000000200                _Min_Heap_Size = 0x200
                0x0000000000000400                _Min_Stack_Size = 0x400

.isr_vector     0x0000000008000000      0x198
                0x0000000008000000                . = ALIGN (0x4)
 *(.isr_vector)
 .isr_vector    0x0000000008000000      0x198 ./Core/Startup/startup_stm32f411retx.o
                0x0000000008000000                g_pfnVectors
                0x0000000008000198                . = ALIGN (0x4)

.text           0x0000000008000198     0x35c8
                0x0000000008000198                . = ALIGN (0x4)
 *(.text)
 .text          0x0000000008000198       0x40 c:/st/stm32cubeide_1.10.1/stm32cubeide/plugins/com.st.stm32cube.ide.mcu.externaltools.gnu-tools-for-stm32.10.3-2021.10.win32_1.0.0.202111181127/tools/bin/../lib/gcc/arm-none-eabi/10.3.1/thumb/v7e-m+fp/hard/crtbegin.o
 .text          0x00000000080001d8       0x30 c:/st/stm32cubeide_1.10.1/stm32cubeide/plugins/com.st.stm32cube.ide.mcu.externaltools.gnu-tools-for-stm32.10.3-2021.10.win32_1.0.0.202111181127/tools/bin/../lib/gcc/arm-none-eabi/10.3.1/thumb/v7e-m+fp/hard\libgcc.a(_aeabi_uldivmod.o)
                0x00000000080001d8                __aeabi_uldivmod
 .text          0x0000000008000208      0x2d0 c:/st/stm32cubeide_1.10.1/stm32cubeide/plugins/com.st.stm32cube.ide.mcu.externaltools.gnu-tools-for-stm32.10.3-2021.10.win32_1.0.0.202111181127/tools/bin/../lib/gcc/arm-none-eabi/10.3.1/thumb/v7e-m+fp/hard\libgcc.a(_udivmoddi4.o)
                0x0000000008000208                __udivmoddi4
 .text          0x00000000080004d8        0x4 c:/st/stm32cubeide_1.10.1/stm32cubeide/plugins/com.st.stm32cube.ide.mcu.externaltools.gnu-tools-for-stm32.10.3-2021.10.win32_1.0.0.202111181127/tools/bin/../lib/gcc/arm-none-eabi/10.3.1/thumb/v7e-m+fp/hard\libgcc.a(_dvmd_tls.o)
                0x00000000080004d8                __aeabi_idiv0
                0x00000000080004d8                __aeabi_ldiv0
 *(.text*)
 .text.MX_GPIO_Init
                0x00000000080004dc      0x128 ./Core/Src/gpio.o
                0x00000000080004dc                MX_GPIO_Init
 .text.shiftOut
                0x0000000008000604       0x40 ./Core/Src/light_functions_RX.o
                0x0000000008000604                shiftOut
 .text.buzzing  0x0000000008000644       0x28 ./Core/Src/light_functions_RX.o
                0x0000000008000644                buzzing
 .text.board_ready_to_recive_voice
                0x000000000800066c       0x26 ./Core/Src/light_functions_RX.o
                0x000000000800066c                board_ready_to_recive_voice
 .text.turning_diode_reset
                0x0000000008000692       0x22 ./Core/Src/light_functions_RX.o
                0x0000000008000692                turning_diode_reset
 .text.position_lights_set
                0x00000000080006b4       0x18 ./Core/Src/light_functions_RX.o
                0x00000000080006b4                position_lights_set
 .text.check_stop_light_logic
                0x00000000080006cc       0x30 ./Core/Src/light_functions_RX.o
                0x00000000080006cc                check_stop_light_logic
 .text.stop_light_set
                0x00000000080006fc       0x1c ./Core/Src/light_functions_RX.o
                0x00000000080006fc                stop_light_set
 .text.stop_light_reset
                0x0000000008000718       0x1c ./Core/Src/light_functions_RX.o
                0x0000000008000718                stop_light_reset
 .text.emergency_lights_logic
                0x0000000008000734       0x28 ./Core/Src/light_functions_RX.o
                0x0000000008000734                emergency_lights_logic
 .text.emergency_lights_set
                0x000000000800075c       0x58 ./Core/Src/light_functions_RX.o
                0x000000000800075c                emergency_lights_set
 .text.turn_left_lights_logic
                0x00000000080007b4       0x28 ./Core/Src/light_functions_RX.o
                0x00000000080007b4                turn_left_lights_logic
 .text.turn_left_lights_set
                0x00000000080007dc       0x54 ./Core/Src/light_functions_RX.o
                0x00000000080007dc                turn_left_lights_set
 .text.turn_right_lights_logic
                0x0000000008000830       0x28 ./Core/Src/light_functions_RX.o
                0x0000000008000830                turn_right_lights_logic
 .text.turn_right_lights_set
                0x0000000008000858       0x50 ./Core/Src/light_functions_RX.o
                0x0000000008000858                turn_right_lights_set
 .text.main     0x00000000080008a8       0xcc ./Core/Src/main.o
                0x00000000080008a8                main
 .text.SystemClock_Config
                0x0000000008000974       0xd8 ./Core/Src/main.o
                0x0000000008000974                SystemClock_Config
 .text.Error_Handler
                0x0000000008000a4c        0xa ./Core/Src/main.o
                0x0000000008000a4c                Error_Handler
 .text.nRF24_Delay
                0x0000000008000a56       0x18 ./Core/Src/nRF24.o
 *fill*         0x0000000008000a6e        0x2 
 .text.nRF24_SendSpi
                0x0000000008000a70       0x2c ./Core/Src/nRF24.o
 .text.nRF24_ReadSpi
                0x0000000008000a9c       0x2c ./Core/Src/nRF24.o
 .text.nRF24_ReadRegister
                0x0000000008000ac8       0x48 ./Core/Src/nRF24.o
 .text.nRF24_ReadRegisters
                0x0000000008000b10       0x48 ./Core/Src/nRF24.o
 .text.nRF24_WriteRegister
                0x0000000008000b58       0x4c ./Core/Src/nRF24.o
 .text.nRF24_WriteRegisters
                0x0000000008000ba4       0x50 ./Core/Src/nRF24.o
 .text.nRF24_RX_Mode
                0x0000000008000bf4       0x5c ./Core/Src/nRF24.o
                0x0000000008000bf4                nRF24_RX_Mode
 .text.nRF24_ReadConfig
                0x0000000008000c50       0x10 ./Core/Src/nRF24.o
                0x0000000008000c50                nRF24_ReadConfig
 .text.nRF24_WriteConfig
                0x0000000008000c60       0x1c ./Core/Src/nRF24.o
                0x0000000008000c60                nRF24_WriteConfig
 .text.nRF24_SetPALevel
                0x0000000008000c7c       0x3e ./Core/Src/nRF24.o
                0x0000000008000c7c                nRF24_SetPALevel
 .text.nRF24_SetDataRate
                0x0000000008000cba       0x4c ./Core/Src/nRF24.o
                0x0000000008000cba                nRF24_SetDataRate
 .text.nRF24_ReadStatus
                0x0000000008000d06       0x10 ./Core/Src/nRF24.o
                0x0000000008000d06                nRF24_ReadStatus
 .text.nRF24_WriteStatus
                0x0000000008000d16       0x1c ./Core/Src/nRF24.o
                0x0000000008000d16                nRF24_WriteStatus
 *fill*         0x0000000008000d32        0x2 
 .text.nRF24_FlushRX
                0x0000000008000d34       0x34 ./Core/Src/nRF24.o
                0x0000000008000d34                nRF24_FlushRX
 .text.nRF24_FlushTX
                0x0000000008000d68       0x34 ./Core/Src/nRF24.o
                0x0000000008000d68                nRF24_FlushTX
 .text.nRF24_EnableCRC
                0x0000000008000d9c       0x3a ./Core/Src/nRF24.o
                0x0000000008000d9c                nRF24_EnableCRC
 .text.nRF24_SetCRCLength
                0x0000000008000dd6       0x3a ./Core/Src/nRF24.o
                0x0000000008000dd6                nRF24_SetCRCLength
 .text.nRF24_SetRetries
                0x0000000008000e10       0x36 ./Core/Src/nRF24.o
                0x0000000008000e10                nRF24_SetRetries
 .text.nRF24_SetRFChannel
                0x0000000008000e46       0x22 ./Core/Src/nRF24.o
                0x0000000008000e46                nRF24_SetRFChannel
 .text.nRF24_SetPayloadSize
                0x0000000008000e68       0x38 ./Core/Src/nRF24.o
                0x0000000008000e68                nRF24_SetPayloadSize
 .text.nRF24_EnablePipe
                0x0000000008000ea0       0x6a ./Core/Src/nRF24.o
                0x0000000008000ea0                nRF24_EnablePipe
 .text.nRF24_AutoACK
                0x0000000008000f0a       0x6a ./Core/Src/nRF24.o
                0x0000000008000f0a                nRF24_AutoACK
 .text.nRF24_SetAddressWidth
                0x0000000008000f74       0x3a ./Core/Src/nRF24.o
                0x0000000008000f74                nRF24_SetAddressWidth
 .text.nRF24_SetRXAddress
                0x0000000008000fae       0x72 ./Core/Src/nRF24.o
                0x0000000008000fae                nRF24_SetRXAddress
 .text.nRF24_SetTXAddress
                0x0000000008001020       0x8c ./Core/Src/nRF24.o
                0x0000000008001020                nRF24_SetTXAddress
 .text.nRF24_ClearInterrupts
                0x00000000080010ac       0x26 ./Core/Src/nRF24.o
                0x00000000080010ac                nRF24_ClearInterrupts
 .text.nRF24_EnableRXDataReadyIRQ
                0x00000000080010d2       0x3a ./Core/Src/nRF24.o
                0x00000000080010d2                nRF24_EnableRXDataReadyIRQ
 .text.nRF24_EnableTXDataSentIRQ
                0x000000000800110c       0x3a ./Core/Src/nRF24.o
                0x000000000800110c                nRF24_EnableTXDataSentIRQ
 .text.nRF24_EnableMaxRetransmitIRQ
                0x0000000008001146       0x3a ./Core/Src/nRF24.o
                0x0000000008001146                nRF24_EnableMaxRetransmitIRQ
 .text.nRF24_ReadRXPaylaod
                0x0000000008001180       0x38 ./Core/Src/nRF24.o
                0x0000000008001180                nRF24_ReadRXPaylaod
 .text.nRF24_RXAvailible
                0x00000000080011b8       0x40 ./Core/Src/nRF24.o
                0x00000000080011b8                nRF24_RXAvailible
 .text.nRF24_Init
                0x00000000080011f8       0xac ./Core/Src/nRF24.o
                0x00000000080011f8                nRF24_Init
 .text.MX_SPI1_Init
                0x00000000080012a4       0x6c ./Core/Src/spi.o
                0x00000000080012a4                MX_SPI1_Init
 .text.MX_SPI2_Init
                0x0000000008001310       0x6c ./Core/Src/spi.o
                0x0000000008001310                MX_SPI2_Init
 .text.HAL_SPI_MspInit
                0x000000000800137c      0x13c ./Core/Src/spi.o
                0x000000000800137c                HAL_SPI_MspInit
 .text.HAL_MspInit
                0x00000000080014b8       0x50 ./Core/Src/stm32f4xx_hal_msp.o
                0x00000000080014b8                HAL_MspInit
 .text.NMI_Handler
                0x0000000008001508        0x6 ./Core/Src/stm32f4xx_it.o
                0x0000000008001508                NMI_Handler
 .text.HardFault_Handler
                0x000000000800150e        0x6 ./Core/Src/stm32f4xx_it.o
                0x000000000800150e                HardFault_Handler
 .text.MemManage_Handler
                0x0000000008001514        0x6 ./Core/Src/stm32f4xx_it.o
                0x0000000008001514                MemManage_Handler
 .text.BusFault_Handler
                0x000000000800151a        0x6 ./Core/Src/stm32f4xx_it.o
                0x000000000800151a                BusFault_Handler
 .text.UsageFault_Handler
                0x0000000008001520        0x6 ./Core/Src/stm32f4xx_it.o
                0x0000000008001520                UsageFault_Handler
 .text.SVC_Handler
                0x0000000008001526        0xe ./Core/Src/stm32f4xx_it.o
                0x0000000008001526                SVC_Handler
 .text.DebugMon_Handler
                0x0000000008001534        0xe ./Core/Src/stm32f4xx_it.o
                0x0000000008001534                DebugMon_Handler
 .text.PendSV_Handler
                0x0000000008001542        0xe ./Core/Src/stm32f4xx_it.o
                0x0000000008001542                PendSV_Handler
 .text.SysTick_Handler
                0x0000000008001550        0xc ./Core/Src/stm32f4xx_it.o
                0x0000000008001550                SysTick_Handler
 .text.SystemInit
                0x000000000800155c       0x24 ./Core/Src/system_stm32f4xx.o
                0x000000000800155c                SystemInit
 .text.MX_USART2_UART_Init
                0x0000000008001580       0x54 ./Core/Src/usart.o
                0x0000000008001580                MX_USART2_UART_Init
 .text.HAL_UART_MspInit
                0x00000000080015d4       0x90 ./Core/Src/usart.o
                0x00000000080015d4                HAL_UART_MspInit
 .text.Reset_Handler
                0x0000000008001664       0x50 ./Core/Startup/startup_stm32f411retx.o
                0x0000000008001664                Reset_Handler
 .text.Default_Handler
                0x00000000080016b4        0x2 ./Core/Startup/startup_stm32f411retx.o
                0x00000000080016b4                RTC_Alarm_IRQHandler
                0x00000000080016b4                EXTI2_IRQHandler
                0x00000000080016b4                SPI4_IRQHandler
                0x00000000080016b4                TIM1_CC_IRQHandler
                0x00000000080016b4                DMA2_Stream5_IRQHandler
                0x00000000080016b4                DMA1_Stream5_IRQHandler
                0x00000000080016b4                PVD_IRQHandler
                0x00000000080016b4                SDIO_IRQHandler
                0x00000000080016b4                TAMP_STAMP_IRQHandler
                0x00000000080016b4                EXTI3_IRQHandler
                0x00000000080016b4                TIM1_UP_TIM10_IRQHandler
                0x00000000080016b4                I2C3_ER_IRQHandler
                0x00000000080016b4                EXTI0_IRQHandler
                0x00000000080016b4                I2C2_EV_IRQHandler
                0x00000000080016b4                DMA1_Stream2_IRQHandler
                0x00000000080016b4                FPU_IRQHandler
                0x00000000080016b4                DMA2_Stream2_IRQHandler
                0x00000000080016b4                SPI1_IRQHandler
                0x00000000080016b4                TIM1_BRK_TIM9_IRQHandler
                0x00000000080016b4                DMA2_Stream3_IRQHandler
                0x00000000080016b4                USART6_IRQHandler
                0x00000000080016b4                DMA2_Stream0_IRQHandler
                0x00000000080016b4                TIM4_IRQHandler
                0x00000000080016b4                I2C1_EV_IRQHandler
                0x00000000080016b4                DMA1_Stream6_IRQHandler
                0x00000000080016b4                DMA1_Stream1_IRQHandler
                0x00000000080016b4                TIM3_IRQHandler
                0x00000000080016b4                RCC_IRQHandler
                0x00000000080016b4                Default_Handler
                0x00000000080016b4                EXTI15_10_IRQHandler
                0x00000000080016b4                ADC_IRQHandler
                0x00000000080016b4                DMA1_Stream7_IRQHandler
                0x00000000080016b4                SPI5_IRQHandler
                0x00000000080016b4                TIM5_IRQHandler
                0x00000000080016b4                DMA2_Stream7_IRQHandler
                0x00000000080016b4                I2C3_EV_IRQHandler
                0x00000000080016b4                EXTI9_5_IRQHandler
                0x00000000080016b4                RTC_WKUP_IRQHandler
                0x00000000080016b4                SPI2_IRQHandler
                0x00000000080016b4                DMA1_Stream0_IRQHandler
                0x00000000080016b4                EXTI4_IRQHandler
                0x00000000080016b4                WWDG_IRQHandler
                0x00000000080016b4                TIM2_IRQHandler
                0x00000000080016b4                OTG_FS_WKUP_IRQHandler
                0x00000000080016b4                TIM1_TRG_COM_TIM11_IRQHandler
                0x00000000080016b4                EXTI1_IRQHandler
                0x00000000080016b4                USART2_IRQHandler
                0x00000000080016b4                I2C2_ER_IRQHandler
                0x00000000080016b4                DMA2_Stream1_IRQHandler
                0x00000000080016b4                FLASH_IRQHandler
                0x00000000080016b4                DMA2_Stream4_IRQHandler
                0x00000000080016b4                USART1_IRQHandler
                0x00000000080016b4                OTG_FS_IRQHandler
                0x00000000080016b4                SPI3_IRQHandler
                0x00000000080016b4                DMA1_Stream4_IRQHandler
                0x00000000080016b4                I2C1_ER_IRQHandler
                0x00000000080016b4                DMA2_Stream6_IRQHandler
                0x00000000080016b4                DMA1_Stream3_IRQHandler
 *fill*         0x00000000080016b6        0x2 
 .text.HAL_Init
                0x00000000080016b8       0x44 ./Drivers/STM32F4xx_HAL_Driver/Src/stm32f4xx_hal.o
                0x00000000080016b8                HAL_Init
 .text.HAL_InitTick
                0x00000000080016fc       0x60 ./Drivers/STM32F4xx_HAL_Driver/Src/stm32f4xx_hal.o
                0x00000000080016fc                HAL_InitTick
 .text.HAL_IncTick
                0x000000000800175c       0x28 ./Drivers/STM32F4xx_HAL_Driver/Src/stm32f4xx_hal.o
                0x000000000800175c                HAL_IncTick
 .text.HAL_GetTick
                0x0000000008001784       0x18 ./Drivers/STM32F4xx_HAL_Driver/Src/stm32f4xx_hal.o
                0x0000000008001784                HAL_GetTick
 .text.HAL_Delay
                0x000000000800179c       0x48 ./Drivers/STM32F4xx_HAL_Driver/Src/stm32f4xx_hal.o
                0x000000000800179c                HAL_Delay
 .text.__NVIC_SetPriorityGrouping
                0x00000000080017e4       0x48 ./Drivers/STM32F4xx_HAL_Driver/Src/stm32f4xx_hal_cortex.o
 .text.__NVIC_GetPriorityGrouping
                0x000000000800182c       0x1c ./Drivers/STM32F4xx_HAL_Driver/Src/stm32f4xx_hal_cortex.o
 .text.__NVIC_SetPriority
                0x0000000008001848       0x54 ./Drivers/STM32F4xx_HAL_Driver/Src/stm32f4xx_hal_cortex.o
 .text.NVIC_EncodePriority
                0x000000000800189c       0x66 ./Drivers/STM32F4xx_HAL_Driver/Src/stm32f4xx_hal_cortex.o
 *fill*         0x0000000008001902        0x2 
 .text.SysTick_Config
                0x0000000008001904       0x44 ./Drivers/STM32F4xx_HAL_Driver/Src/stm32f4xx_hal_cortex.o
 .text.HAL_NVIC_SetPriorityGrouping
                0x0000000008001948       0x16 ./Drivers/STM32F4xx_HAL_Driver/Src/stm32f4xx_hal_cortex.o
                0x0000000008001948                HAL_NVIC_SetPriorityGrouping
 .text.HAL_NVIC_SetPriority
                0x000000000800195e       0x38 ./Drivers/STM32F4xx_HAL_Driver/Src/stm32f4xx_hal_cortex.o
                0x000000000800195e                HAL_NVIC_SetPriority
 .text.HAL_SYSTICK_Config
                0x0000000008001996       0x18 ./Drivers/STM32F4xx_HAL_Driver/Src/stm32f4xx_hal_cortex.o
                0x0000000008001996                HAL_SYSTICK_Config
 *fill*         0x00000000080019ae        0x2 
 .text.HAL_GPIO_Init
                0x00000000080019b0      0x308 ./Drivers/STM32F4xx_HAL_Driver/Src/stm32f4xx_hal_gpio.o
                0x00000000080019b0                HAL_GPIO_Init
 .text.HAL_GPIO_WritePin
                0x0000000008001cb8       0x32 ./Drivers/STM32F4xx_HAL_Driver/Src/stm32f4xx_hal_gpio.o
                0x0000000008001cb8                HAL_GPIO_WritePin
 *fill*         0x0000000008001cea        0x2 
 .text.HAL_RCC_OscConfig
                0x0000000008001cec      0x4f0 ./Drivers/STM32F4xx_HAL_Driver/Src/stm32f4xx_hal_rcc.o
                0x0000000008001cec                HAL_RCC_OscConfig
 .text.HAL_RCC_ClockConfig
                0x00000000080021dc      0x1cc ./Drivers/STM32F4xx_HAL_Driver/Src/stm32f4xx_hal_rcc.o
                0x00000000080021dc                HAL_RCC_ClockConfig
 .text.HAL_RCC_GetSysClockFreq
                0x00000000080023a8      0x20c ./Drivers/STM32F4xx_HAL_Driver/Src/stm32f4xx_hal_rcc.o
                0x00000000080023a8                HAL_RCC_GetSysClockFreq
 .text.HAL_RCC_GetHCLKFreq
                0x00000000080025b4       0x18 ./Drivers/STM32F4xx_HAL_Driver/Src/stm32f4xx_hal_rcc.o
                0x00000000080025b4                HAL_RCC_GetHCLKFreq
 .text.HAL_RCC_GetPCLK1Freq
                0x00000000080025cc       0x28 ./Drivers/STM32F4xx_HAL_Driver/Src/stm32f4xx_hal_rcc.o
                0x00000000080025cc                HAL_RCC_GetPCLK1Freq
 .text.HAL_RCC_GetPCLK2Freq
                0x00000000080025f4       0x28 ./Drivers/STM32F4xx_HAL_Driver/Src/stm32f4xx_hal_rcc.o
                0x00000000080025f4                HAL_RCC_GetPCLK2Freq
 .text.HAL_SPI_Init
                0x000000000800261c      0x112 ./Drivers/STM32F4xx_HAL_Driver/Src/stm32f4xx_hal_spi.o
                0x000000000800261c                HAL_SPI_Init
 .text.HAL_SPI_Transmit
                0x000000000800272e      0x278 ./Drivers/STM32F4xx_HAL_Driver/Src/stm32f4xx_hal_spi.o
                0x000000000800272e                HAL_SPI_Transmit
 .text.HAL_SPI_Receive
                0x00000000080029a6      0x222 ./Drivers/STM32F4xx_HAL_Driver/Src/stm32f4xx_hal_spi.o
                0x00000000080029a6                HAL_SPI_Receive
 .text.HAL_SPI_TransmitReceive
                0x0000000008002bc8      0x344 ./Drivers/STM32F4xx_HAL_Driver/Src/stm32f4xx_hal_spi.o
                0x0000000008002bc8                HAL_SPI_TransmitReceive
 .text.SPI_WaitFlagStateUntilTimeout
                0x0000000008002f0c      0x110 ./Drivers/STM32F4xx_HAL_Driver/Src/stm32f4xx_hal_spi.o
 .text.SPI_EndRxTransaction
                0x000000000800301c       0xca ./Drivers/STM32F4xx_HAL_Driver/Src/stm32f4xx_hal_spi.o
 *fill*         0x00000000080030e6        0x2 
 .text.SPI_EndRxTxTransaction
                0x00000000080030e8       0x84 ./Drivers/STM32F4xx_HAL_Driver/Src/stm32f4xx_hal_spi.o
 .text.HAL_UART_Init
                0x000000000800316c       0x9a ./Drivers/STM32F4xx_HAL_Driver/Src/stm32f4xx_hal_uart.o
                0x000000000800316c                HAL_UART_Init
 *fill*         0x0000000008003206        0x2 
 .text.UART_SetConfig
                0x0000000008003208      0x4e8 ./Drivers/STM32F4xx_HAL_Driver/Src/stm32f4xx_hal_uart.o
 .text.__libc_init_array
                0x00000000080036f0       0x48 c:/st/stm32cubeide_1.10.1/stm32cubeide/plugins/com.st.stm32cube.ide.mcu.externaltools.gnu-tools-for-stm32.10.3-2021.10.win32_1.0.0.202111181127/tools/bin/../lib/gcc/arm-none-eabi/10.3.1/../../../../arm-none-eabi/lib/thumb/v7e-m+fp/hard\libc_nano.a(lib_a-init.o)
                0x00000000080036f0                __libc_init_array
 .text.memset   0x0000000008003738       0x10 c:/st/stm32cubeide_1.10.1/stm32cubeide/plugins/com.st.stm32cube.ide.mcu.externaltools.gnu-tools-for-stm32.10.3-2021.10.win32_1.0.0.202111181127/tools/bin/../lib/gcc/arm-none-eabi/10.3.1/../../../../arm-none-eabi/lib/thumb/v7e-m+fp/hard\libc_nano.a(lib_a-memset.o)
                0x0000000008003738                memset
 *(.glue_7)
 .glue_7        0x0000000008003748        0x0 linker stubs
 *(.glue_7t)
 .glue_7t       0x0000000008003748        0x0 linker stubs
 *(.eh_frame)
 .eh_frame      0x0000000008003748        0x0 c:/st/stm32cubeide_1.10.1/stm32cubeide/plugins/com.st.stm32cube.ide.mcu.externaltools.gnu-tools-for-stm32.10.3-2021.10.win32_1.0.0.202111181127/tools/bin/../lib/gcc/arm-none-eabi/10.3.1/thumb/v7e-m+fp/hard/crtbegin.o
 *(.init)
 .init          0x0000000008003748        0x4 c:/st/stm32cubeide_1.10.1/stm32cubeide/plugins/com.st.stm32cube.ide.mcu.externaltools.gnu-tools-for-stm32.10.3-2021.10.win32_1.0.0.202111181127/tools/bin/../lib/gcc/arm-none-eabi/10.3.1/thumb/v7e-m+fp/hard/crti.o
                0x0000000008003748                _init
 .init          0x000000000800374c        0x8 c:/st/stm32cubeide_1.10.1/stm32cubeide/plugins/com.st.stm32cube.ide.mcu.externaltools.gnu-tools-for-stm32.10.3-2021.10.win32_1.0.0.202111181127/tools/bin/../lib/gcc/arm-none-eabi/10.3.1/thumb/v7e-m+fp/hard/crtn.o
 *(.fini)
 .fini          0x0000000008003754        0x4 c:/st/stm32cubeide_1.10.1/stm32cubeide/plugins/com.st.stm32cube.ide.mcu.externaltools.gnu-tools-for-stm32.10.3-2021.10.win32_1.0.0.202111181127/tools/bin/../lib/gcc/arm-none-eabi/10.3.1/thumb/v7e-m+fp/hard/crti.o
                0x0000000008003754                _fini
 .fini          0x0000000008003758        0x8 c:/st/stm32cubeide_1.10.1/stm32cubeide/plugins/com.st.stm32cube.ide.mcu.externaltools.gnu-tools-for-stm32.10.3-2021.10.win32_1.0.0.202111181127/tools/bin/../lib/gcc/arm-none-eabi/10.3.1/thumb/v7e-m+fp/hard/crtn.o
                0x0000000008003760                . = ALIGN (0x4)
                0x0000000008003760                _etext = .

.vfp11_veneer   0x0000000008003760        0x0
 .vfp11_veneer  0x0000000008003760        0x0 linker stubs

.v4_bx          0x0000000008003760        0x0
 .v4_bx         0x0000000008003760        0x0 linker stubs

.iplt           0x0000000008003760        0x0
 .iplt          0x0000000008003760        0x0 c:/st/stm32cubeide_1.10.1/stm32cubeide/plugins/com.st.stm32cube.ide.mcu.externaltools.gnu-tools-for-stm32.10.3-2021.10.win32_1.0.0.202111181127/tools/bin/../lib/gcc/arm-none-eabi/10.3.1/thumb/v7e-m+fp/hard/crtbegin.o

.rodata         0x0000000008003760       0x30
                0x0000000008003760                . = ALIGN (0x4)
 *(.rodata)
 .rodata        0x0000000008003760        0x8 ./Core/Src/main.o
 *(.rodata*)
 .rodata.left_light_values
                0x0000000008003768        0x6 ./Core/Src/light_functions_RX.o
                0x0000000008003768                left_light_values
 *fill*         0x000000000800376e        0x2 
 .rodata.right_light_values
                0x0000000008003770        0x6 ./Core/Src/light_functions_RX.o
                0x0000000008003770                right_light_values
 *fill*         0x0000000008003776        0x2 
 .rodata.AHBPrescTable
                0x0000000008003778       0x10 ./Core/Src/system_stm32f4xx.o
                0x0000000008003778                AHBPrescTable
 .rodata.APBPrescTable
                0x0000000008003788        0x8 ./Core/Src/system_stm32f4xx.o
                0x0000000008003788                APBPrescTable
                0x0000000008003790                . = ALIGN (0x4)

.ARM.extab      0x0000000008003790        0x0
                0x0000000008003790                . = ALIGN (0x4)
 *(.ARM.extab* .gnu.linkonce.armextab.*)
                0x0000000008003790                . = ALIGN (0x4)

.ARM            0x0000000008003790        0x8
                0x0000000008003790                . = ALIGN (0x4)
                0x0000000008003790                __exidx_start = .
 *(.ARM.exidx*)
 .ARM.exidx     0x0000000008003790        0x8 c:/st/stm32cubeide_1.10.1/stm32cubeide/plugins/com.st.stm32cube.ide.mcu.externaltools.gnu-tools-for-stm32.10.3-2021.10.win32_1.0.0.202111181127/tools/bin/../lib/gcc/arm-none-eabi/10.3.1/thumb/v7e-m+fp/hard\libgcc.a(_udivmoddi4.o)
                0x0000000008003798                __exidx_end = .
                0x0000000008003798                . = ALIGN (0x4)

.rel.dyn        0x0000000008003798        0x0
 .rel.iplt      0x0000000008003798        0x0 c:/st/stm32cubeide_1.10.1/stm32cubeide/plugins/com.st.stm32cube.ide.mcu.externaltools.gnu-tools-for-stm32.10.3-2021.10.win32_1.0.0.202111181127/tools/bin/../lib/gcc/arm-none-eabi/10.3.1/thumb/v7e-m+fp/hard/crtbegin.o

.preinit_array  0x0000000008003798        0x0
                0x0000000008003798                . = ALIGN (0x4)
                0x0000000008003798                PROVIDE (__preinit_array_start = .)
 *(.preinit_array*)
                0x0000000008003798                PROVIDE (__preinit_array_end = .)
                0x0000000008003798                . = ALIGN (0x4)

.init_array     0x0000000008003798        0x4
                0x0000000008003798                . = ALIGN (0x4)
                0x0000000008003798                PROVIDE (__init_array_start = .)
 *(SORT_BY_NAME(.init_array.*))
 *(.init_array*)
 .init_array    0x0000000008003798        0x4 c:/st/stm32cubeide_1.10.1/stm32cubeide/plugins/com.st.stm32cube.ide.mcu.externaltools.gnu-tools-for-stm32.10.3-2021.10.win32_1.0.0.202111181127/tools/bin/../lib/gcc/arm-none-eabi/10.3.1/thumb/v7e-m+fp/hard/crtbegin.o
                0x000000000800379c                PROVIDE (__init_array_end = .)
                0x000000000800379c                . = ALIGN (0x4)

.fini_array     0x000000000800379c        0x4
                0x000000000800379c                . = ALIGN (0x4)
                [!provide]                        PROVIDE (__fini_array_start = .)
 *(SORT_BY_NAME(.fini_array.*))
 *(.fini_array*)
 .fini_array    0x000000000800379c        0x4 c:/st/stm32cubeide_1.10.1/stm32cubeide/plugins/com.st.stm32cube.ide.mcu.externaltools.gnu-tools-for-stm32.10.3-2021.10.win32_1.0.0.202111181127/tools/bin/../lib/gcc/arm-none-eabi/10.3.1/thumb/v7e-m+fp/hard/crtbegin.o
                [!provide]                        PROVIDE (__fini_array_end = .)
                0x00000000080037a0                . = ALIGN (0x4)
                0x00000000080037a0                _sidata = LOADADDR (.data)

.data           0x0000000020000000        0xc load address 0x00000000080037a0
                0x0000000020000000                . = ALIGN (0x4)
                0x0000000020000000                _sdata = .
 *(.data)
 *(.data*)
 .data.SystemCoreClock
                0x0000000020000000        0x4 ./Core/Src/system_stm32f4xx.o
                0x0000000020000000                SystemCoreClock
 .data.uwTickPrio
                0x0000000020000004        0x4 ./Drivers/STM32F4xx_HAL_Driver/Src/stm32f4xx_hal.o
                0x0000000020000004                uwTickPrio
 .data.uwTickFreq
                0x0000000020000008        0x1 ./Drivers/STM32F4xx_HAL_Driver/Src/stm32f4xx_hal.o
                0x0000000020000008                uwTickFreq
 *(.RamFunc)
 *(.RamFunc*)
                0x000000002000000c                . = ALIGN (0x4)
 *fill*         0x0000000020000009        0x3 
                0x000000002000000c                _edata = .

.igot.plt       0x000000002000000c        0x0 load address 0x00000000080037ac
 .igot.plt      0x000000002000000c        0x0 c:/st/stm32cubeide_1.10.1/stm32cubeide/plugins/com.st.stm32cube.ide.mcu.externaltools.gnu-tools-for-stm32.10.3-2021.10.win32_1.0.0.202111181127/tools/bin/../lib/gcc/arm-none-eabi/10.3.1/thumb/v7e-m+fp/hard/crtbegin.o
                0x000000002000000c                . = ALIGN (0x4)

.bss            0x000000002000000c      0x120 load address 0x00000000080037ac
                0x000000002000000c                _sbss = .
                0x000000002000000c                __bss_start__ = _sbss
 *(.bss)
 .bss           0x000000002000000c       0x1c c:/st/stm32cubeide_1.10.1/stm32cubeide/plugins/com.st.stm32cube.ide.mcu.externaltools.gnu-tools-for-stm32.10.3-2021.10.win32_1.0.0.202111181127/tools/bin/../lib/gcc/arm-none-eabi/10.3.1/thumb/v7e-m+fp/hard/crtbegin.o
 *(.bss*)
 .bss.Nrf24_Message
                0x0000000020000028        0x1 ./Core/Src/light_functions_RX.o
                0x0000000020000028                Nrf24_Message
 .bss.nrf24_rx_flag
                0x0000000020000029        0x1 ./Core/Src/light_functions_RX.o
                0x0000000020000029                nrf24_rx_flag
 *fill*         0x000000002000002a        0x2 
 .bss.hspi_nrf  0x000000002000002c        0x4 ./Core/Src/nRF24.o
 .bss.addr_p0_backup
                0x0000000020000030        0x3 ./Core/Src/nRF24.o
 *fill*         0x0000000020000033        0x1 
 .bss.hspi1     0x0000000020000034       0x58 ./Core/Src/spi.o
                0x0000000020000034                hspi1
 .bss.hspi2     0x000000002000008c       0x58 ./Core/Src/spi.o
                0x000000002000008c                hspi2
 .bss.huart2    0x00000000200000e4       0x44 ./Core/Src/usart.o
                0x00000000200000e4                huart2
 .bss.uwTick    0x0000000020000128        0x4 ./Drivers/STM32F4xx_HAL_Driver/Src/stm32f4xx_hal.o
                0x0000000020000128                uwTick
 *(COMMON)
                0x000000002000012c                . = ALIGN (0x4)
                0x000000002000012c                _ebss = .
                0x000000002000012c                __bss_end__ = _ebss

._user_heap_stack
                0x000000002000012c      0x604 load address 0x00000000080037ac
                0x0000000020000130                . = ALIGN (0x8)
 *fill*         0x000000002000012c        0x4 
                [!provide]                        PROVIDE (end = .)
                0x0000000020000130                PROVIDE (_end = .)
                0x0000000020000330                . = (. + _Min_Heap_Size)
 *fill*         0x0000000020000130      0x200 
                0x0000000020000730                . = (. + _Min_Stack_Size)
 *fill*         0x0000000020000330      0x400 
                0x0000000020000730                . = ALIGN (0x8)

/DISCARD/
 libc.a(*)
 libm.a(*)
 libgcc.a(*)

.ARM.attributes
                0x0000000000000000       0x30
 *(.ARM.attributes)
 .ARM.attributes
                0x0000000000000000       0x1e c:/st/stm32cubeide_1.10.1/stm32cubeide/plugins/com.st.stm32cube.ide.mcu.externaltools.gnu-tools-for-stm32.10.3-2021.10.win32_1.0.0.202111181127/tools/bin/../lib/gcc/arm-none-eabi/10.3.1/thumb/v7e-m+fp/hard/crti.o
 .ARM.attributes
                0x000000000000001e       0x34 c:/st/stm32cubeide_1.10.1/stm32cubeide/plugins/com.st.stm32cube.ide.mcu.externaltools.gnu-tools-for-stm32.10.3-2021.10.win32_1.0.0.202111181127/tools/bin/../lib/gcc/arm-none-eabi/10.3.1/thumb/v7e-m+fp/hard/crtbegin.o
 .ARM.attributes
                0x0000000000000052       0x34 ./Core/Src/gpio.o
 .ARM.attributes
                0x0000000000000086       0x34 ./Core/Src/light_functions_RX.o
 .ARM.attributes
                0x00000000000000ba       0x34 ./Core/Src/main.o
 .ARM.attributes
                0x00000000000000ee       0x34 ./Core/Src/nRF24.o
 .ARM.attributes
                0x0000000000000122       0x34 ./Core/Src/spi.o
 .ARM.attributes
                0x0000000000000156       0x34 ./Core/Src/stm32f4xx_hal_msp.o
 .ARM.attributes
                0x000000000000018a       0x34 ./Core/Src/stm32f4xx_it.o
 .ARM.attributes
                0x00000000000001be       0x34 ./Core/Src/system_stm32f4xx.o
 .ARM.attributes
                0x00000000000001f2       0x34 ./Core/Src/usart.o
 .ARM.attributes
                0x0000000000000226       0x21 ./Core/Startup/startup_stm32f411retx.o
 .ARM.attributes
                0x0000000000000247       0x34 ./Drivers/STM32F4xx_HAL_Driver/Src/stm32f4xx_hal.o
 .ARM.attributes
                0x000000000000027b       0x34 ./Drivers/STM32F4xx_HAL_Driver/Src/stm32f4xx_hal_cortex.o
 .ARM.attributes
                0x00000000000002af       0x34 ./Drivers/STM32F4xx_HAL_Driver/Src/stm32f4xx_hal_gpio.o
 .ARM.attributes
                0x00000000000002e3       0x34 ./Drivers/STM32F4xx_HAL_Driver/Src/stm32f4xx_hal_rcc.o
 .ARM.attributes
                0x0000000000000317       0x34 ./Drivers/STM32F4xx_HAL_Driver/Src/stm32f4xx_hal_spi.o
 .ARM.attributes
                0x000000000000034b       0x34 ./Drivers/STM32F4xx_HAL_Driver/Src/stm32f4xx_hal_uart.o
 .ARM.attributes
                0x000000000000037f       0x34 c:/st/stm32cubeide_1.10.1/stm32cubeide/plugins/com.st.stm32cube.ide.mcu.externaltools.gnu-tools-for-stm32.10.3-2021.10.win32_1.0.0.202111181127/tools/bin/../lib/gcc/arm-none-eabi/10.3.1/../../../../arm-none-eabi/lib/thumb/v7e-m+fp/hard\libc_nano.a(lib_a-init.o)
 .ARM.attributes
                0x00000000000003b3       0x34 c:/st/stm32cubeide_1.10.1/stm32cubeide/plugins/com.st.stm32cube.ide.mcu.externaltools.gnu-tools-for-stm32.10.3-2021.10.win32_1.0.0.202111181127/tools/bin/../lib/gcc/arm-none-eabi/10.3.1/../../../../arm-none-eabi/lib/thumb/v7e-m+fp/hard\libc_nano.a(lib_a-memset.o)
 .ARM.attributes
                0x00000000000003e7       0x1e c:/st/stm32cubeide_1.10.1/stm32cubeide/plugins/com.st.stm32cube.ide.mcu.externaltools.gnu-tools-for-stm32.10.3-2021.10.win32_1.0.0.202111181127/tools/bin/../lib/gcc/arm-none-eabi/10.3.1/thumb/v7e-m+fp/hard\libgcc.a(_aeabi_uldivmod.o)
 .ARM.attributes
                0x0000000000000405       0x34 c:/st/stm32cubeide_1.10.1/stm32cubeide/plugins/com.st.stm32cube.ide.mcu.externaltools.gnu-tools-for-stm32.10.3-2021.10.win32_1.0.0.202111181127/tools/bin/../lib/gcc/arm-none-eabi/10.3.1/thumb/v7e-m+fp/hard\libgcc.a(_udivmoddi4.o)
 .ARM.attributes
                0x0000000000000439       0x1e c:/st/stm32cubeide_1.10.1/stm32cubeide/plugins/com.st.stm32cube.ide.mcu.externaltools.gnu-tools-for-stm32.10.3-2021.10.win32_1.0.0.202111181127/tools/bin/../lib/gcc/arm-none-eabi/10.3.1/thumb/v7e-m+fp/hard\libgcc.a(_dvmd_tls.o)
 .ARM.attributes
                0x0000000000000457       0x1e c:/st/stm32cubeide_1.10.1/stm32cubeide/plugins/com.st.stm32cube.ide.mcu.externaltools.gnu-tools-for-stm32.10.3-2021.10.win32_1.0.0.202111181127/tools/bin/../lib/gcc/arm-none-eabi/10.3.1/thumb/v7e-m+fp/hard/crtn.o
OUTPUT(nrf_RX_final.elf elf32-littlearm)
LOAD linker stubs
LOAD c:/st/stm32cubeide_1.10.1/stm32cubeide/plugins/com.st.stm32cube.ide.mcu.externaltools.gnu-tools-for-stm32.10.3-2021.10.win32_1.0.0.202111181127/tools/bin/../lib/gcc/arm-none-eabi/10.3.1/../../../../arm-none-eabi/lib/thumb/v7e-m+fp/hard\libc.a
LOAD c:/st/stm32cubeide_1.10.1/stm32cubeide/plugins/com.st.stm32cube.ide.mcu.externaltools.gnu-tools-for-stm32.10.3-2021.10.win32_1.0.0.202111181127/tools/bin/../lib/gcc/arm-none-eabi/10.3.1/../../../../arm-none-eabi/lib/thumb/v7e-m+fp/hard\libm.a
LOAD c:/st/stm32cubeide_1.10.1/stm32cubeide/plugins/com.st.stm32cube.ide.mcu.externaltools.gnu-tools-for-stm32.10.3-2021.10.win32_1.0.0.202111181127/tools/bin/../lib/gcc/arm-none-eabi/10.3.1/thumb/v7e-m+fp/hard\libgcc.a

.debug_info     0x0000000000000000     0xba71
 .debug_info    0x0000000000000000      0x49d ./Core/Src/gpio.o
 .debug_info    0x000000000000049d      0xa31 ./Core/Src/light_functions_RX.o
 .debug_info    0x0000000000000ece      0xdf0 ./Core/Src/main.o
 .debug_info    0x0000000000001cbe      0xf2d ./Core/Src/nRF24.o
 .debug_info    0x0000000000002beb      0xa92 ./Core/Src/spi.o
 .debug_info    0x000000000000367d      0x2e7 ./Core/Src/stm32f4xx_hal_msp.o
 .debug_info    0x0000000000003964      0x121 ./Core/Src/stm32f4xx_it.o
 .debug_info    0x0000000000003a85      0x54f ./Core/Src/system_stm32f4xx.o
 .debug_info    0x0000000000003fd4      0x9c4 ./Core/Src/usart.o
 .debug_info    0x0000000000004998       0x22 ./Core/Startup/startup_stm32f411retx.o
 .debug_info    0x00000000000049ba      0x90d ./Drivers/STM32F4xx_HAL_Driver/Src/stm32f4xx_hal.o
 .debug_info    0x00000000000052c7      0xd8b ./Drivers/STM32F4xx_HAL_Driver/Src/stm32f4xx_hal_cortex.o
 .debug_info    0x0000000000006052      0x78e ./Drivers/STM32F4xx_HAL_Driver/Src/stm32f4xx_hal_gpio.o
 .debug_info    0x00000000000067e0      0x98d ./Drivers/STM32F4xx_HAL_Driver/Src/stm32f4xx_hal_rcc.o
 .debug_info    0x000000000000716d     0x1750 ./Drivers/STM32F4xx_HAL_Driver/Src/stm32f4xx_hal_spi.o
 .debug_info    0x00000000000088bd     0x31b4 ./Drivers/STM32F4xx_HAL_Driver/Src/stm32f4xx_hal_uart.o

.debug_abbrev   0x0000000000000000     0x1e17
 .debug_abbrev  0x0000000000000000      0x146 ./Core/Src/gpio.o
 .debug_abbrev  0x0000000000000146      0x223 ./Core/Src/light_functions_RX.o
 .debug_abbrev  0x0000000000000369      0x25e ./Core/Src/main.o
 .debug_abbrev  0x00000000000005c7      0x2c8 ./Core/Src/nRF24.o
 .debug_abbrev  0x000000000000088f      0x1e0 ./Core/Src/spi.o
 .debug_abbrev  0x0000000000000a6f       0xf0 ./Core/Src/stm32f4xx_hal_msp.o
 .debug_abbrev  0x0000000000000b5f       0x74 ./Core/Src/stm32f4xx_it.o
 .debug_abbrev  0x0000000000000bd3      0x116 ./Core/Src/system_stm32f4xx.o
 .debug_abbrev  0x0000000000000ce9      0x1e7 ./Core/Src/usart.o
 .debug_abbrev  0x0000000000000ed0       0x12 ./Core/Startup/startup_stm32f411retx.o
 .debug_abbrev  0x0000000000000ee2      0x23e ./Drivers/STM32F4xx_HAL_Driver/Src/stm32f4xx_hal.o
 .debug_abbrev  0x0000000000001120      0x316 ./Drivers/STM32F4xx_HAL_Driver/Src/stm32f4xx_hal_cortex.o
 .debug_abbrev  0x0000000000001436      0x1c4 ./Drivers/STM32F4xx_HAL_Driver/Src/stm32f4xx_hal_gpio.o
 .debug_abbrev  0x00000000000015fa      0x2aa ./Drivers/STM32F4xx_HAL_Driver/Src/stm32f4xx_hal_rcc.o
 .debug_abbrev  0x00000000000018a4      0x26e ./Drivers/STM32F4xx_HAL_Driver/Src/stm32f4xx_hal_spi.o
 .debug_abbrev  0x0000000000001b12      0x305 ./Drivers/STM32F4xx_HAL_Driver/Src/stm32f4xx_hal_uart.o

.debug_aranges  0x0000000000000000      0xa20
 .debug_aranges
                0x0000000000000000       0x20 ./Core/Src/gpio.o
 .debug_aranges
                0x0000000000000020       0x88 ./Core/Src/light_functions_RX.o
 .debug_aranges
                0x00000000000000a8       0x38 ./Core/Src/main.o
 .debug_aranges
                0x00000000000000e0      0x150 ./Core/Src/nRF24.o
 .debug_aranges
                0x0000000000000230       0x38 ./Core/Src/spi.o
 .debug_aranges
                0x0000000000000268       0x20 ./Core/Src/stm32f4xx_hal_msp.o
 .debug_aranges
                0x0000000000000288       0x60 ./Core/Src/stm32f4xx_it.o
 .debug_aranges
                0x00000000000002e8       0x28 ./Core/Src/system_stm32f4xx.o
 .debug_aranges
                0x0000000000000310       0x30 ./Core/Src/usart.o
 .debug_aranges
                0x0000000000000340       0x28 ./Core/Startup/startup_stm32f411retx.o
 .debug_aranges
                0x0000000000000368       0xf0 ./Drivers/STM32F4xx_HAL_Driver/Src/stm32f4xx_hal.o
 .debug_aranges
                0x0000000000000458      0x118 ./Drivers/STM32F4xx_HAL_Driver/Src/stm32f4xx_hal_cortex.o
 .debug_aranges
                0x0000000000000570       0x58 ./Drivers/STM32F4xx_HAL_Driver/Src/stm32f4xx_hal_gpio.o
 .debug_aranges
                0x00000000000005c8       0x88 ./Drivers/STM32F4xx_HAL_Driver/Src/stm32f4xx_hal_rcc.o
 .debug_aranges
                0x0000000000000650      0x1d0 ./Drivers/STM32F4xx_HAL_Driver/Src/stm32f4xx_hal_spi.o
 .debug_aranges
                0x0000000000000820      0x200 ./Drivers/STM32F4xx_HAL_Driver/Src/stm32f4xx_hal_uart.o

.debug_ranges   0x0000000000000000      0x958
 .debug_ranges  0x0000000000000000       0x10 ./Core/Src/gpio.o
 .debug_ranges  0x0000000000000010       0x78 ./Core/Src/light_functions_RX.o
 .debug_ranges  0x0000000000000088       0x28 ./Core/Src/main.o
 .debug_ranges  0x00000000000000b0      0x140 ./Core/Src/nRF24.o
 .debug_ranges  0x00000000000001f0       0x28 ./Core/Src/spi.o
 .debug_ranges  0x0000000000000218       0x10 ./Core/Src/stm32f4xx_hal_msp.o
 .debug_ranges  0x0000000000000228       0x50 ./Core/Src/stm32f4xx_it.o
 .debug_ranges  0x0000000000000278       0x18 ./Core/Src/system_stm32f4xx.o
 .debug_ranges  0x0000000000000290       0x20 ./Core/Src/usart.o
 .debug_ranges  0x00000000000002b0       0x20 ./Core/Startup/startup_stm32f411retx.o
 .debug_ranges  0x00000000000002d0       0xe0 ./Drivers/STM32F4xx_HAL_Driver/Src/stm32f4xx_hal.o
 .debug_ranges  0x00000000000003b0      0x108 ./Drivers/STM32F4xx_HAL_Driver/Src/stm32f4xx_hal_cortex.o
 .debug_ranges  0x00000000000004b8       0x48 ./Drivers/STM32F4xx_HAL_Driver/Src/stm32f4xx_hal_gpio.o
 .debug_ranges  0x0000000000000500       0x78 ./Drivers/STM32F4xx_HAL_Driver/Src/stm32f4xx_hal_rcc.o
 .debug_ranges  0x0000000000000578      0x1c0 ./Drivers/STM32F4xx_HAL_Driver/Src/stm32f4xx_hal_spi.o
 .debug_ranges  0x0000000000000738      0x220 ./Drivers/STM32F4xx_HAL_Driver/Src/stm32f4xx_hal_uart.o

.debug_macro    0x0000000000000000    0x16565
 .debug_macro   0x0000000000000000      0x1dd ./Core/Src/gpio.o
 .debug_macro   0x00000000000001dd      0xa78 ./Core/Src/gpio.o
 .debug_macro   0x0000000000000c55      0x29b ./Core/Src/gpio.o
 .debug_macro   0x0000000000000ef0       0x2e ./Core/Src/gpio.o
 .debug_macro   0x0000000000000f1e       0x28 ./Core/Src/gpio.o
 .debug_macro   0x0000000000000f46       0x22 ./Core/Src/gpio.o
 .debug_macro   0x0000000000000f68       0x8e ./Core/Src/gpio.o
 .debug_macro   0x0000000000000ff6       0x51 ./Core/Src/gpio.o
 .debug_macro   0x0000000000001047      0x103 ./Core/Src/gpio.o
 .debug_macro   0x000000000000114a       0x6a ./Core/Src/gpio.o
 .debug_macro   0x00000000000011b4      0x1df ./Core/Src/gpio.o
 .debug_macro   0x0000000000001393       0x1c ./Core/Src/gpio.o
 .debug_macro   0x00000000000013af       0x22 ./Core/Src/gpio.o
 .debug_macro   0x00000000000013d1       0xd9 ./Core/Src/gpio.o
 .debug_macro   0x00000000000014aa     0x102d ./Core/Src/gpio.o
 .debug_macro   0x00000000000024d7      0x11f ./Core/Src/gpio.o
 .debug_macro   0x00000000000025f6     0xb953 ./Core/Src/gpio.o
 .debug_macro   0x000000000000df49       0x6d ./Core/Src/gpio.o
 .debug_macro   0x000000000000dfb6     0x367e ./Core/Src/gpio.o
 .debug_macro   0x0000000000011634      0x174 ./Core/Src/gpio.o
 .debug_macro   0x00000000000117a8       0x5c ./Core/Src/gpio.o
 .debug_macro   0x0000000000011804      0x447 ./Core/Src/gpio.o
 .debug_macro   0x0000000000011c4b      0x9fe ./Core/Src/gpio.o
 .debug_macro   0x0000000000012649      0x115 ./Core/Src/gpio.o
 .debug_macro   0x000000000001275e      0x11b ./Core/Src/gpio.o
 .debug_macro   0x0000000000012879       0xa5 ./Core/Src/gpio.o
 .debug_macro   0x000000000001291e      0x15f ./Core/Src/gpio.o
 .debug_macro   0x0000000000012a7d      0x287 ./Core/Src/gpio.o
 .debug_macro   0x0000000000012d04       0x5f ./Core/Src/gpio.o
 .debug_macro   0x0000000000012d63      0x236 ./Core/Src/gpio.o
 .debug_macro   0x0000000000012f99      0x132 ./Core/Src/gpio.o
 .debug_macro   0x00000000000130cb      0x264 ./Core/Src/gpio.o
 .debug_macro   0x000000000001332f       0x2e ./Core/Src/gpio.o
 .debug_macro   0x000000000001335d      0x11a ./Core/Src/gpio.o
 .debug_macro   0x0000000000013477       0x85 ./Core/Src/gpio.o
 .debug_macro   0x00000000000134fc       0x89 ./Core/Src/gpio.o
 .debug_macro   0x0000000000013585      0x225 ./Core/Src/gpio.o
 .debug_macro   0x00000000000137aa      0x295 ./Core/Src/gpio.o
 .debug_macro   0x0000000000013a3f      0x126 ./Core/Src/gpio.o
 .debug_macro   0x0000000000013b65       0xa0 ./Core/Src/gpio.o
 .debug_macro   0x0000000000013c05      0x205 ./Core/Src/light_functions_RX.o
 .debug_macro   0x0000000000013e0a       0x16 ./Core/Src/light_functions_RX.o
 .debug_macro   0x0000000000013e20      0x220 ./Core/Src/light_functions_RX.o
 .debug_macro   0x0000000000014040      0x3d0 ./Core/Src/main.o
 .debug_macro   0x0000000000014410       0x52 ./Core/Src/main.o
 .debug_macro   0x0000000000014462       0x1e ./Core/Src/main.o
 .debug_macro   0x0000000000014480       0x3c ./Core/Src/main.o
 .debug_macro   0x00000000000144bc       0x34 ./Core/Src/main.o
 .debug_macro   0x00000000000144f0       0x16 ./Core/Src/main.o
 .debug_macro   0x0000000000014506       0x35 ./Core/Src/main.o
 .debug_macro   0x000000000001453b      0x341 ./Core/Src/main.o
 .debug_macro   0x000000000001487c       0x10 ./Core/Src/main.o
 .debug_macro   0x000000000001488c       0x16 ./Core/Src/main.o
 .debug_macro   0x00000000000148a2       0x43 ./Core/Src/main.o
 .debug_macro   0x00000000000148e5       0x34 ./Core/Src/main.o
 .debug_macro   0x0000000000014919       0x10 ./Core/Src/main.o
 .debug_macro   0x0000000000014929       0x58 ./Core/Src/main.o
 .debug_macro   0x0000000000014981       0x71 ./Core/Src/main.o
 .debug_macro   0x00000000000149f2       0x1c ./Core/Src/main.o
 .debug_macro   0x0000000000014a0e      0x12a ./Core/Src/main.o
 .debug_macro   0x0000000000014b38       0x10 ./Core/Src/main.o
 .debug_macro   0x0000000000014b48       0x1c ./Core/Src/main.o
 .debug_macro   0x0000000000014b64       0x52 ./Core/Src/main.o
 .debug_macro   0x0000000000014bb6       0x22 ./Core/Src/main.o
 .debug_macro   0x0000000000014bd8       0x10 ./Core/Src/main.o
 .debug_macro   0x0000000000014be8       0x52 ./Core/Src/main.o
 .debug_macro   0x0000000000014c3a       0xd5 ./Core/Src/main.o
 .debug_macro   0x0000000000014d0f       0x1c ./Core/Src/main.o
 .debug_macro   0x0000000000014d2b       0x3d ./Core/Src/main.o
 .debug_macro   0x0000000000014d68       0x16 ./Core/Src/main.o
 .debug_macro   0x0000000000014d7e      0x145 ./Core/Src/main.o
 .debug_macro   0x0000000000014ec3       0x16 ./Core/Src/main.o
 .debug_macro   0x0000000000014ed9       0x20 ./Core/Src/main.o
 .debug_macro   0x0000000000014ef9      0x20c ./Core/Src/nRF24.o
 .debug_macro   0x0000000000015105      0x1dd ./Core/Src/spi.o
 .debug_macro   0x00000000000152e2      0x1d3 ./Core/Src/stm32f4xx_hal_msp.o
 .debug_macro   0x00000000000154b5      0x1dd ./Core/Src/stm32f4xx_it.o
 .debug_macro   0x0000000000015692      0x1c4 ./Core/Src/system_stm32f4xx.o
 .debug_macro   0x0000000000015856      0x1dd ./Core/Src/usart.o
 .debug_macro   0x0000000000015a33      0x224 ./Drivers/STM32F4xx_HAL_Driver/Src/stm32f4xx_hal.o
 .debug_macro   0x0000000000015c57      0x1c4 ./Drivers/STM32F4xx_HAL_Driver/Src/stm32f4xx_hal_cortex.o
 .debug_macro   0x0000000000015e1b      0x1ca ./Drivers/STM32F4xx_HAL_Driver/Src/stm32f4xx_hal_gpio.o
 .debug_macro   0x0000000000015fe5      0x1e8 ./Drivers/STM32F4xx_HAL_Driver/Src/stm32f4xx_hal_rcc.o
 .debug_macro   0x00000000000161cd      0x1d3 ./Drivers/STM32F4xx_HAL_Driver/Src/stm32f4xx_hal_spi.o
 .debug_macro   0x00000000000163a0      0x1c5 ./Drivers/STM32F4xx_HAL_Driver/Src/stm32f4xx_hal_uart.o

.debug_line     0x0000000000000000     0xbe42
 .debug_line    0x0000000000000000      0x6d3 ./Core/Src/gpio.o
 .debug_line    0x00000000000006d3      0x92c ./Core/Src/light_functions_RX.o
 .debug_line    0x0000000000000fff      0x9c9 ./Core/Src/main.o
 .debug_line    0x00000000000019c8      0xc5b ./Core/Src/nRF24.o
 .debug_line    0x0000000000002623      0x79b ./Core/Src/spi.o
 .debug_line    0x0000000000002dbe      0x6a2 ./Core/Src/stm32f4xx_hal_msp.o
 .debug_line    0x0000000000003460      0x764 ./Core/Src/stm32f4xx_it.o
 .debug_line    0x0000000000003bc4      0x723 ./Core/Src/system_stm32f4xx.o
 .debug_line    0x00000000000042e7      0x70b ./Core/Src/usart.o
 .debug_line    0x00000000000049f2       0x88 ./Core/Startup/startup_stm32f411retx.o
 .debug_line    0x0000000000004a7a      0x989 ./Drivers/STM32F4xx_HAL_Driver/Src/stm32f4xx_hal.o
 .debug_line    0x0000000000005403      0xc38 ./Drivers/STM32F4xx_HAL_Driver/Src/stm32f4xx_hal_cortex.o
 .debug_line    0x000000000000603b      0xac1 ./Drivers/STM32F4xx_HAL_Driver/Src/stm32f4xx_hal_gpio.o
 .debug_line    0x0000000000006afc      0xd05 ./Drivers/STM32F4xx_HAL_Driver/Src/stm32f4xx_hal_rcc.o
 .debug_line    0x0000000000007801     0x1c13 ./Drivers/STM32F4xx_HAL_Driver/Src/stm32f4xx_hal_spi.o
 .debug_line    0x0000000000009414     0x2a2e ./Drivers/STM32F4xx_HAL_Driver/Src/stm32f4xx_hal_uart.o

.debug_str      0x0000000000000000    0x88127
 .debug_str     0x0000000000000000    0x80f4f ./Core/Src/gpio.o
                                      0x811d3 (size before relaxing)
 .debug_str     0x0000000000080f4f      0xd0a ./Core/Src/light_functions_RX.o
                                      0x81dbe (size before relaxing)
 .debug_str     0x0000000000081c59     0x4213 ./Core/Src/main.o
                                      0x85fad (size before relaxing)
 .debug_str     0x0000000000085e6c      0x440 ./Core/Src/nRF24.o
                                      0x820a6 (size before relaxing)
 .debug_str     0x00000000000862ac       0x5b ./Core/Src/spi.o
                                      0x81672 (size before relaxing)
 .debug_str     0x0000000000086307       0x49 ./Core/Src/stm32f4xx_hal_msp.o
                                      0x81125 (size before relaxing)
 .debug_str     0x0000000000086350       0xc9 ./Core/Src/stm32f4xx_it.o
                                      0x8107c (size before relaxing)
 .debug_str     0x0000000000086419       0xdb ./Core/Src/system_stm32f4xx.o
                                      0x80f7e (size before relaxing)
 .debug_str     0x00000000000864f4       0x51 ./Core/Src/usart.o
                                      0x81668 (size before relaxing)
 .debug_str     0x0000000000086545       0x36 ./Core/Startup/startup_stm32f411retx.o
                                         0x76 (size before relaxing)
 .debug_str     0x000000000008657b      0x991 ./Drivers/STM32F4xx_HAL_Driver/Src/stm32f4xx_hal.o
                                      0x819aa (size before relaxing)
 .debug_str     0x0000000000086f0c      0x354 ./Drivers/STM32F4xx_HAL_Driver/Src/stm32f4xx_hal_cortex.o
                                      0x816cb (size before relaxing)
 .debug_str     0x0000000000087260      0x121 ./Drivers/STM32F4xx_HAL_Driver/Src/stm32f4xx_hal_gpio.o
                                      0x810f9 (size before relaxing)
 .debug_str     0x0000000000087381      0x233 ./Drivers/STM32F4xx_HAL_Driver/Src/stm32f4xx_hal_rcc.o
                                      0x813b2 (size before relaxing)
 .debug_str     0x00000000000875b4      0x581 ./Drivers/STM32F4xx_HAL_Driver/Src/stm32f4xx_hal_spi.o
                                      0x81830 (size before relaxing)
 .debug_str     0x0000000000087b35      0x5f2 ./Drivers/STM32F4xx_HAL_Driver/Src/stm32f4xx_hal_uart.o
                                      0x8193f (size before relaxing)

.comment        0x0000000000000000       0x50
 .comment       0x0000000000000000       0x50 ./Core/Src/gpio.o
                                         0x51 (size before relaxing)
 .comment       0x0000000000000050       0x51 ./Core/Src/light_functions_RX.o
 .comment       0x0000000000000050       0x51 ./Core/Src/main.o
 .comment       0x0000000000000050       0x51 ./Core/Src/nRF24.o
 .comment       0x0000000000000050       0x51 ./Core/Src/spi.o
 .comment       0x0000000000000050       0x51 ./Core/Src/stm32f4xx_hal_msp.o
 .comment       0x0000000000000050       0x51 ./Core/Src/stm32f4xx_it.o
 .comment       0x0000000000000050       0x51 ./Core/Src/system_stm32f4xx.o
 .comment       0x0000000000000050       0x51 ./Core/Src/usart.o
 .comment       0x0000000000000050       0x51 ./Drivers/STM32F4xx_HAL_Driver/Src/stm32f4xx_hal.o
 .comment       0x0000000000000050       0x51 ./Drivers/STM32F4xx_HAL_Driver/Src/stm32f4xx_hal_cortex.o
 .comment       0x0000000000000050       0x51 ./Drivers/STM32F4xx_HAL_Driver/Src/stm32f4xx_hal_gpio.o
 .comment       0x0000000000000050       0x51 ./Drivers/STM32F4xx_HAL_Driver/Src/stm32f4xx_hal_rcc.o
 .comment       0x0000000000000050       0x51 ./Drivers/STM32F4xx_HAL_Driver/Src/stm32f4xx_hal_spi.o
 .comment       0x0000000000000050       0x51 ./Drivers/STM32F4xx_HAL_Driver/Src/stm32f4xx_hal_uart.o

.debug_frame    0x0000000000000000     0x27e8
 .debug_frame   0x0000000000000000       0x34 ./Core/Src/gpio.o
 .debug_frame   0x0000000000000034      0x1c8 ./Core/Src/light_functions_RX.o
 .debug_frame   0x00000000000001fc       0x8c ./Core/Src/main.o
 .debug_frame   0x0000000000000288      0x584 ./Core/Src/nRF24.o
 .debug_frame   0x000000000000080c       0x90 ./Core/Src/spi.o
 .debug_frame   0x000000000000089c       0x34 ./Core/Src/stm32f4xx_hal_msp.o
 .debug_frame   0x00000000000008d0      0x104 ./Core/Src/stm32f4xx_it.o
 .debug_frame   0x00000000000009d4       0x58 ./Core/Src/system_stm32f4xx.o
 .debug_frame   0x0000000000000a2c       0x74 ./Core/Src/usart.o
 .debug_frame   0x0000000000000aa0      0x374 ./Drivers/STM32F4xx_HAL_Driver/Src/stm32f4xx_hal.o
 .debug_frame   0x0000000000000e14      0x498 ./Drivers/STM32F4xx_HAL_Driver/Src/stm32f4xx_hal_cortex.o
 .debug_frame   0x00000000000012ac      0x14c ./Drivers/STM32F4xx_HAL_Driver/Src/stm32f4xx_hal_gpio.o
 .debug_frame   0x00000000000013f8      0x1f4 ./Drivers/STM32F4xx_HAL_Driver/Src/stm32f4xx_hal_rcc.o
 .debug_frame   0x00000000000015ec      0x824 ./Drivers/STM32F4xx_HAL_Driver/Src/stm32f4xx_hal_spi.o
 .debug_frame   0x0000000000001e10      0x92c ./Drivers/STM32F4xx_HAL_Driver/Src/stm32f4xx_hal_uart.o
 .debug_frame   0x000000000000273c       0x2c c:/st/stm32cubeide_1.10.1/stm32cubeide/plugins/com.st.stm32cube.ide.mcu.externaltools.gnu-tools-for-stm32.10.3-2021.10.win32_1.0.0.202111181127/tools/bin/../lib/gcc/arm-none-eabi/10.3.1/../../../../arm-none-eabi/lib/thumb/v7e-m+fp/hard\libc_nano.a(lib_a-init.o)
 .debug_frame   0x0000000000002768       0x20 c:/st/stm32cubeide_1.10.1/stm32cubeide/plugins/com.st.stm32cube.ide.mcu.externaltools.gnu-tools-for-stm32.10.3-2021.10.win32_1.0.0.202111181127/tools/bin/../lib/gcc/arm-none-eabi/10.3.1/../../../../arm-none-eabi/lib/thumb/v7e-m+fp/hard\libc_nano.a(lib_a-memset.o)
 .debug_frame   0x0000000000002788       0x2c c:/st/stm32cubeide_1.10.1/stm32cubeide/plugins/com.st.stm32cube.ide.mcu.externaltools.gnu-tools-for-stm32.10.3-2021.10.win32_1.0.0.202111181127/tools/bin/../lib/gcc/arm-none-eabi/10.3.1/thumb/v7e-m+fp/hard\libgcc.a(_aeabi_uldivmod.o)
 .debug_frame   0x00000000000027b4       0x34 c:/st/stm32cubeide_1.10.1/stm32cubeide/plugins/com.st.stm32cube.ide.mcu.externaltools.gnu-tools-for-stm32.10.3-2021.10.win32_1.0.0.202111181127/tools/bin/../lib/gcc/arm-none-eabi/10.3.1/thumb/v7e-m+fp/hard\libgcc.a(_udivmoddi4.o)
