../Core/Src/light_functions.c:43:6:send_light	16	static
../Core/Src/light_functions.c:57:6:stop_light_logic	8	static
../Core/Src/light_functions.c:78:6:stop_light_start_send	16	static
../Core/Src/light_functions.c:85:6:stop_light_end_send	16	static
../Core/Src/light_functions.c:97:6:emergency_light_logic	8	static
../Core/Src/light_functions.c:117:6:emergency_light_start_send	16	static
../Core/Src/light_functions.c:130:6:emergency_light_end_send	16	static
../Core/Src/light_functions.c:148:6:left_light_logic	8	static
../Core/Src/light_functions.c:168:6:left_light_start_send	16	static
../Core/Src/light_functions.c:181:6:left_light_end_send	16	static
../Core/Src/light_functions.c:199:6:right_light_logic	8	static
../Core/Src/light_functions.c:219:6:right_light_start_send	16	static
../Core/Src/light_functions.c:232:6:right_light_end_send	16	static
