../Core/Src/nRF24.c:51:13:nRF24_Delay	16	static
../Core/Src/nRF24.c:56:13:nRF24_SendSpi	16	static
../Core/Src/nRF24.c:61:13:nRF24_ReadSpi	16	static
../Core/Src/nRF24.c:69:16:nRF24_ReadRegister	24	static
../Core/Src/nRF24.c:83:13:nRF24_ReadRegisters	16	static
../Core/Src/nRF24.c:95:13:nRF24_WriteRegister	24	static
../Core/Src/nRF24.c:109:13:nRF24_WriteRegisters	16	static
../Core/Src/nRF24.c:121:6:nRF24_RX_Mode	16	static
../Core/Src/nRF24.c:142:6:nRF24_TX_Mode	16	static
../Core/Src/nRF24.c:164:9:nRF24_ReadConfig	8	static
../Core/Src/nRF24.c:169:6:nRF24_WriteConfig	16	static
../Core/Src/nRF24.c:174:6:nRF24_SetPALevel	24	static
../Core/Src/nRF24.c:182:6:nRF24_SetDataRate	24	static
../Core/Src/nRF24.c:193:9:nRF24_ReadStatus	8	static
../Core/Src/nRF24.c:198:6:nRF24_WriteStatus	16	static
../Core/Src/nRF24.c:203:6:nRF24_FlushRX	16	static
../Core/Src/nRF24.c:212:6:nRF24_FlushTX	16	static
../Core/Src/nRF24.c:221:6:nRF24_EnableCRC	24	static
../Core/Src/nRF24.c:232:6:nRF24_SetCRCLength	24	static
../Core/Src/nRF24.c:242:6:nRF24_SetRetries	16	static
../Core/Src/nRF24.c:248:6:nRF24_SetRFChannel	16	static
../Core/Src/nRF24.c:253:6:nRF24_SetPayloadSize	16	static
../Core/Src/nRF24.c:260:6:nRF24_EnablePipe	24	static
../Core/Src/nRF24.c:272:6:nRF24_AutoACK	24	static
../Core/Src/nRF24.c:284:6:nRF24_SetAddressWidth	16	static
../Core/Src/nRF24.c:293:6:nRF24_SetRXAddress	24	static
../Core/Src/nRF24.c:310:6:nRF24_SetTXAddress	24	static
../Core/Src/nRF24.c:329:6:nRF24_ClearInterrupts	16	static
../Core/Src/nRF24.c:336:6:nRF24_EnableRXDataReadyIRQ	24	static
../Core/Src/nRF24.c:348:6:nRF24_EnableTXDataSentIRQ	24	static
../Core/Src/nRF24.c:360:6:nRF24_EnableMaxRetransmitIRQ	24	static
../Core/Src/nRF24.c:372:6:nRF24_WriteTXPayload	16	static
../Core/Src/nRF24.c:377:6:nRF24_WaitTX	16	static
../Core/Src/nRF24.c:391:6:nRF24_ReadRXPaylaod	16	static
../Core/Src/nRF24.c:399:6:nRF24_SendPacket	16	static
../Core/Src/nRF24.c:404:6:nRF24_ReceivePacket	16	static
../Core/Src/nRF24.c:409:9:nRF24_RXAvailible	16	static
../Core/Src/nRF24.c:424:6:nRF24_IRQ_Handler	16	static
../Core/Src/nRF24.c:451:6:nRF24_Init	16	static
